// Jest Snapshot v1, https://goo.gl/fbAQLP

exports[`Creates the speficied stack 1`] = `
Object {
  "Parameters": Object {
    "SsmParameterValueawsserviceamiamazonlinuxlatestamznamihvmx8664gp2C96584B6F00A464EAD1953AFF4B05118Parameter": Object {
      "Default": "/aws/service/ami-amazon-linux-latest/amzn-ami-hvm-x86_64-gp2",
      "Type": "AWS::SSM::Parameter::Value<AWS::EC2::Image::Id>",
    },
  },
  "Resources": Object {
    "ASG46ED3070": Object {
      "Properties": Object {
        "LaunchConfigurationName": Object {
          "Ref": "ASGLaunchConfigC00AF12B",
        },
        "MaxSize": "1",
        "MinSize": "1",
        "Tags": Array [
          Object {
            "Key": "Name",
            "PropagateAtLaunch": true,
            "Value": "LoadBalancer/ASG",
          },
        ],
        "TargetGroupARNs": Array [
          Object {
            "Ref": "LBListenerTargetGroupF04FCF6D",
          },
        ],
        "VPCZoneIdentifier": Array [
          Object {
            "Ref": "VPCPrivateSubnet1Subnet8BCA10E0",
          },
          Object {
            "Ref": "VPCPrivateSubnet2SubnetCFCDAA7A",
          },
        ],
      },
      "Type": "AWS::AutoScaling::AutoScalingGroup",
      "UpdatePolicy": Object {
        "AutoScalingScheduledAction": Object {
          "IgnoreUnmodifiedGroupSizeProperties": true,
        },
      },
    },
    "ASGInstanceProfile0A2834D7": Object {
      "Properties": Object {
        "Roles": Array [
          Object {
            "Ref": "ASGInstanceRoleE263A41B",
          },
        ],
      },
      "Type": "AWS::IAM::InstanceProfile",
    },
    "ASGInstanceRoleE263A41B": Object {
      "Properties": Object {
        "AssumeRolePolicyDocument": Object {
          "Statement": Array [
            Object {
              "Action": "sts:AssumeRole",
              "Effect": "Allow",
              "Principal": Object {
                "Service": Object {
                  "Fn::Join": Array [
                    "",
                    Array [
                      "ec2.",
                      Object {
                        "Ref": "AWS::URLSuffix",
                      },
                    ],
                  ],
                },
              },
            },
          ],
          "Version": "2012-10-17",
        },
        "Tags": Array [
          Object {
            "Key": "Name",
            "Value": "LoadBalancer/ASG",
          },
        ],
      },
      "Type": "AWS::IAM::Role",
    },
    "ASGLaunchConfigC00AF12B": Object {
      "DependsOn": Array [
        "ASGInstanceRoleE263A41B",
      ],
      "Properties": Object {
        "IamInstanceProfile": Object {
          "Ref": "ASGInstanceProfile0A2834D7",
        },
        "ImageId": Object {
          "Ref": "SsmParameterValueawsserviceamiamazonlinuxlatestamznamihvmx8664gp2C96584B6F00A464EAD1953AFF4B05118Parameter",
        },
        "InstanceType": "t2.micro",
        "SecurityGroups": Array [
          Object {
            "Fn::GetAtt": Array [
              "instanceSg67C4465B",
              "GroupId",
            ],
          },
        ],
        "UserData": Object {
          "Fn::Base64": "#!/bin/bash",
        },
      },
      "Type": "AWS::AutoScaling::LaunchConfiguration",
    },
    "ASGScalingPolicyAModestLoadC5714E5A": Object {
      "DependsOn": Array [
        "LBListener49E825B4",
        "LBListenerTargetGroupF04FCF6D",
      ],
      "Properties": Object {
        "AutoScalingGroupName": Object {
          "Ref": "ASG46ED3070",
        },
        "PolicyType": "TargetTrackingScaling",
        "TargetTrackingConfiguration": Object {
          "PredefinedMetricSpecification": Object {
            "PredefinedMetricType": "ALBRequestCountPerTarget",
            "ResourceLabel": Object {
              "Fn::Join": Array [
                "",
                Array [
                  Object {
                    "Fn::Select": Array [
                      1,
                      Object {
                        "Fn::Split": Array [
                          "/",
                          Object {
                            "Ref": "LBListener49E825B4",
                          },
                        ],
                      },
                    ],
                  },
                  "/",
                  Object {
                    "Fn::Select": Array [
                      2,
                      Object {
                        "Fn::Split": Array [
                          "/",
                          Object {
                            "Ref": "LBListener49E825B4",
                          },
                        ],
                      },
                    ],
                  },
                  "/",
                  Object {
                    "Fn::Select": Array [
                      3,
                      Object {
                        "Fn::Split": Array [
                          "/",
                          Object {
                            "Ref": "LBListener49E825B4",
                          },
                        ],
                      },
                    ],
                  },
                  "/",
                  Object {
                    "Fn::GetAtt": Array [
                      "LBListenerTargetGroupF04FCF6D",
                      "TargetGroupFullName",
                    ],
                  },
                ],
              ],
            },
          },
          "TargetValue": 60,
        },
      },
      "Type": "AWS::AutoScaling::ScalingPolicy",
    },
    "LB8A12904C": Object {
      "DependsOn": Array [
        "VPCPublicSubnet1DefaultRoute91CEF279",
        "VPCPublicSubnet2DefaultRouteB7481BBA",
      ],
      "Properties": Object {
        "LoadBalancerAttributes": Array [
          Object {
            "Key": "deletion_protection.enabled",
            "Value": "false",
          },
        ],
        "Scheme": "internet-facing",
        "SecurityGroups": Array [
          Object {
            "Fn::GetAtt": Array [
              "LBSecurityGroup8A41EA2B",
              "GroupId",
            ],
          },
        ],
        "Subnets": Array [
          Object {
            "Ref": "VPCPublicSubnet1SubnetB4246D30",
          },
          Object {
            "Ref": "VPCPublicSubnet2Subnet74179F39",
          },
        ],
        "Type": "application",
      },
      "Type": "AWS::ElasticLoadBalancingV2::LoadBalancer",
    },
    "LBListener49E825B4": Object {
      "Properties": Object {
        "DefaultActions": Array [
          Object {
            "TargetGroupArn": Object {
              "Ref": "LBListenerTargetGroupF04FCF6D",
            },
            "Type": "forward",
          },
        ],
        "LoadBalancerArn": Object {
          "Ref": "LB8A12904C",
        },
        "Port": 80,
        "Protocol": "HTTP",
      },
      "Type": "AWS::ElasticLoadBalancingV2::Listener",
    },
    "LBListenerTargetGroupF04FCF6D": Object {
      "Properties": Object {
        "Port": 80,
        "Protocol": "HTTP",
        "TargetGroupAttributes": Array [
          Object {
            "Key": "stickiness.enabled",
            "Value": "false",
          },
        ],
        "TargetType": "instance",
        "VpcId": Object {
          "Ref": "VPCB9E5F0B4",
        },
      },
      "Type": "AWS::ElasticLoadBalancingV2::TargetGroup",
    },
    "LBSecurityGroup8A41EA2B": Object {
      "Properties": Object {
        "GroupDescription": "Automatically created Security Group for ELB LoadBalancerLB13477CBD",
        "SecurityGroupIngress": Array [
          Object {
            "CidrIp": "0.0.0.0/0",
            "Description": "Allow from anyone on port 80",
            "FromPort": 80,
            "IpProtocol": "tcp",
            "ToPort": 80,
          },
        ],
        "VpcId": Object {
          "Ref": "VPCB9E5F0B4",
        },
      },
      "Type": "AWS::EC2::SecurityGroup",
    },
    "LBSecurityGrouptoLoadBalancerinstanceSg8183F602800E829E25": Object {
      "Properties": Object {
        "Description": "Load balancer to target",
        "DestinationSecurityGroupId": Object {
          "Fn::GetAtt": Array [
            "instanceSg67C4465B",
            "GroupId",
          ],
        },
        "FromPort": 80,
        "GroupId": Object {
          "Fn::GetAtt": Array [
            "LBSecurityGroup8A41EA2B",
            "GroupId",
          ],
        },
        "IpProtocol": "tcp",
        "ToPort": 80,
      },
      "Type": "AWS::EC2::SecurityGroupEgress",
    },
    "VPCB9E5F0B4": Object {
      "Properties": Object {
        "CidrBlock": "10.0.0.0/16",
        "EnableDnsHostnames": true,
        "EnableDnsSupport": true,
        "InstanceTenancy": "default",
        "Tags": Array [
          Object {
            "Key": "Name",
            "Value": "LoadBalancer/VPC",
          },
        ],
      },
      "Type": "AWS::EC2::VPC",
    },
    "VPCIGWB7E252D3": Object {
      "Properties": Object {
        "Tags": Array [
          Object {
            "Key": "Name",
            "Value": "LoadBalancer/VPC",
          },
        ],
      },
      "Type": "AWS::EC2::InternetGateway",
    },
    "VPCPrivateSubnet1DefaultRouteAE1D6490": Object {
      "Properties": Object {
        "DestinationCidrBlock": "0.0.0.0/0",
        "NatGatewayId": Object {
          "Ref": "VPCPublicSubnet1NATGatewayE0556630",
        },
        "RouteTableId": Object {
          "Ref": "VPCPrivateSubnet1RouteTableBE8A6027",
        },
      },
      "Type": "AWS::EC2::Route",
    },
    "VPCPrivateSubnet1RouteTableAssociation347902D1": Object {
      "Properties": Object {
        "RouteTableId": Object {
          "Ref": "VPCPrivateSubnet1RouteTableBE8A6027",
        },
        "SubnetId": Object {
          "Ref": "VPCPrivateSubnet1Subnet8BCA10E0",
        },
      },
      "Type": "AWS::EC2::SubnetRouteTableAssociation",
    },
    "VPCPrivateSubnet1RouteTableBE8A6027": Object {
      "Properties": Object {
        "Tags": Array [
          Object {
            "Key": "Name",
            "Value": "LoadBalancer/VPC/PrivateSubnet1",
          },
        ],
        "VpcId": Object {
          "Ref": "VPCB9E5F0B4",
        },
      },
      "Type": "AWS::EC2::RouteTable",
    },
    "VPCPrivateSubnet1Subnet8BCA10E0": Object {
      "Properties": Object {
        "AvailabilityZone": Object {
          "Fn::Select": Array [
            0,
            Object {
              "Fn::GetAZs": "",
            },
          ],
        },
        "CidrBlock": "10.0.128.0/18",
        "MapPublicIpOnLaunch": false,
        "Tags": Array [
          Object {
            "Key": "aws-cdk:subnet-name",
            "Value": "Private",
          },
          Object {
            "Key": "aws-cdk:subnet-type",
            "Value": "Private",
          },
          Object {
            "Key": "Name",
            "Value": "LoadBalancer/VPC/PrivateSubnet1",
          },
        ],
        "VpcId": Object {
          "Ref": "VPCB9E5F0B4",
        },
      },
      "Type": "AWS::EC2::Subnet",
    },
    "VPCPrivateSubnet2DefaultRouteF4F5CFD2": Object {
      "Properties": Object {
        "DestinationCidrBlock": "0.0.0.0/0",
        "NatGatewayId": Object {
          "Ref": "VPCPublicSubnet2NATGateway3C070193",
        },
        "RouteTableId": Object {
          "Ref": "VPCPrivateSubnet2RouteTable0A19E10E",
        },
      },
      "Type": "AWS::EC2::Route",
    },
    "VPCPrivateSubnet2RouteTable0A19E10E": Object {
      "Properties": Object {
        "Tags": Array [
          Object {
            "Key": "Name",
            "Value": "LoadBalancer/VPC/PrivateSubnet2",
          },
        ],
        "VpcId": Object {
          "Ref": "VPCB9E5F0B4",
        },
      },
      "Type": "AWS::EC2::RouteTable",
    },
    "VPCPrivateSubnet2RouteTableAssociation0C73D413": Object {
      "Properties": Object {
        "RouteTableId": Object {
          "Ref": "VPCPrivateSubnet2RouteTable0A19E10E",
        },
        "SubnetId": Object {
          "Ref": "VPCPrivateSubnet2SubnetCFCDAA7A",
        },
      },
      "Type": "AWS::EC2::SubnetRouteTableAssociation",
    },
    "VPCPrivateSubnet2SubnetCFCDAA7A": Object {
      "Properties": Object {
        "AvailabilityZone": Object {
          "Fn::Select": Array [
            1,
            Object {
              "Fn::GetAZs": "",
            },
          ],
        },
        "CidrBlock": "10.0.192.0/18",
        "MapPublicIpOnLaunch": false,
        "Tags": Array [
          Object {
            "Key": "aws-cdk:subnet-name",
            "Value": "Private",
          },
          Object {
            "Key": "aws-cdk:subnet-type",
            "Value": "Private",
          },
          Object {
            "Key": "Name",
            "Value": "LoadBalancer/VPC/PrivateSubnet2",
          },
        ],
        "VpcId": Object {
          "Ref": "VPCB9E5F0B4",
        },
      },
      "Type": "AWS::EC2::Subnet",
    },
    "VPCPublicSubnet1DefaultRoute91CEF279": Object {
      "DependsOn": Array [
        "VPCVPCGW99B986DC",
      ],
      "Properties": Object {
        "DestinationCidrBlock": "0.0.0.0/0",
        "GatewayId": Object {
          "Ref": "VPCIGWB7E252D3",
        },
        "RouteTableId": Object {
          "Ref": "VPCPublicSubnet1RouteTableFEE4B781",
        },
      },
      "Type": "AWS::EC2::Route",
    },
    "VPCPublicSubnet1EIP6AD938E8": Object {
      "Properties": Object {
        "Domain": "vpc",
        "Tags": Array [
          Object {
            "Key": "Name",
            "Value": "LoadBalancer/VPC/PublicSubnet1",
          },
        ],
      },
      "Type": "AWS::EC2::EIP",
    },
    "VPCPublicSubnet1NATGatewayE0556630": Object {
      "Properties": Object {
        "AllocationId": Object {
          "Fn::GetAtt": Array [
            "VPCPublicSubnet1EIP6AD938E8",
            "AllocationId",
          ],
        },
        "SubnetId": Object {
          "Ref": "VPCPublicSubnet1SubnetB4246D30",
        },
        "Tags": Array [
          Object {
            "Key": "Name",
            "Value": "LoadBalancer/VPC/PublicSubnet1",
          },
        ],
      },
      "Type": "AWS::EC2::NatGateway",
    },
    "VPCPublicSubnet1RouteTableAssociation0B0896DC": Object {
      "Properties": Object {
        "RouteTableId": Object {
          "Ref": "VPCPublicSubnet1RouteTableFEE4B781",
        },
        "SubnetId": Object {
          "Ref": "VPCPublicSubnet1SubnetB4246D30",
        },
      },
      "Type": "AWS::EC2::SubnetRouteTableAssociation",
    },
    "VPCPublicSubnet1RouteTableFEE4B781": Object {
      "Properties": Object {
        "Tags": Array [
          Object {
            "Key": "Name",
            "Value": "LoadBalancer/VPC/PublicSubnet1",
          },
        ],
        "VpcId": Object {
          "Ref": "VPCB9E5F0B4",
        },
      },
      "Type": "AWS::EC2::RouteTable",
    },
    "VPCPublicSubnet1SubnetB4246D30": Object {
      "Properties": Object {
        "AvailabilityZone": Object {
          "Fn::Select": Array [
            0,
            Object {
              "Fn::GetAZs": "",
            },
          ],
        },
        "CidrBlock": "10.0.0.0/18",
        "MapPublicIpOnLaunch": true,
        "Tags": Array [
          Object {
            "Key": "aws-cdk:subnet-name",
            "Value": "Public",
          },
          Object {
            "Key": "aws-cdk:subnet-type",
            "Value": "Public",
          },
          Object {
            "Key": "Name",
            "Value": "LoadBalancer/VPC/PublicSubnet1",
          },
        ],
        "VpcId": Object {
          "Ref": "VPCB9E5F0B4",
        },
      },
      "Type": "AWS::EC2::Subnet",
    },
    "VPCPublicSubnet2DefaultRouteB7481BBA": Object {
      "DependsOn": Array [
        "VPCVPCGW99B986DC",
      ],
      "Properties": Object {
        "DestinationCidrBlock": "0.0.0.0/0",
        "GatewayId": Object {
          "Ref": "VPCIGWB7E252D3",
        },
        "RouteTableId": Object {
          "Ref": "VPCPublicSubnet2RouteTable6F1A15F1",
        },
      },
      "Type": "AWS::EC2::Route",
    },
    "VPCPublicSubnet2EIP4947BC00": Object {
      "Properties": Object {
        "Domain": "vpc",
        "Tags": Array [
          Object {
            "Key": "Name",
            "Value": "LoadBalancer/VPC/PublicSubnet2",
          },
        ],
      },
      "Type": "AWS::EC2::EIP",
    },
    "VPCPublicSubnet2NATGateway3C070193": Object {
      "Properties": Object {
        "AllocationId": Object {
          "Fn::GetAtt": Array [
            "VPCPublicSubnet2EIP4947BC00",
            "AllocationId",
          ],
        },
        "SubnetId": Object {
          "Ref": "VPCPublicSubnet2Subnet74179F39",
        },
        "Tags": Array [
          Object {
            "Key": "Name",
            "Value": "LoadBalancer/VPC/PublicSubnet2",
          },
        ],
      },
      "Type": "AWS::EC2::NatGateway",
    },
    "VPCPublicSubnet2RouteTable6F1A15F1": Object {
      "Properties": Object {
        "Tags": Array [
          Object {
            "Key": "Name",
            "Value": "LoadBalancer/VPC/PublicSubnet2",
          },
        ],
        "VpcId": Object {
          "Ref": "VPCB9E5F0B4",
        },
      },
      "Type": "AWS::EC2::RouteTable",
    },
    "VPCPublicSubnet2RouteTableAssociation5A808732": Object {
      "Properties": Object {
        "RouteTableId": Object {
          "Ref": "VPCPublicSubnet2RouteTable6F1A15F1",
        },
        "SubnetId": Object {
          "Ref": "VPCPublicSubnet2Subnet74179F39",
        },
      },
      "Type": "AWS::EC2::SubnetRouteTableAssociation",
    },
    "VPCPublicSubnet2Subnet74179F39": Object {
      "Properties": Object {
        "AvailabilityZone": Object {
          "Fn::Select": Array [
            1,
            Object {
              "Fn::GetAZs": "",
            },
          ],
        },
        "CidrBlock": "10.0.64.0/18",
        "MapPublicIpOnLaunch": true,
        "Tags": Array [
          Object {
            "Key": "aws-cdk:subnet-name",
            "Value": "Public",
          },
          Object {
            "Key": "aws-cdk:subnet-type",
            "Value": "Public",
          },
          Object {
            "Key": "Name",
            "Value": "LoadBalancer/VPC/PublicSubnet2",
          },
        ],
        "VpcId": Object {
          "Ref": "VPCB9E5F0B4",
        },
      },
      "Type": "AWS::EC2::Subnet",
    },
    "VPCVPCGW99B986DC": Object {
      "Properties": Object {
        "InternetGatewayId": Object {
          "Ref": "VPCIGWB7E252D3",
        },
        "VpcId": Object {
          "Ref": "VPCB9E5F0B4",
        },
      },
      "Type": "AWS::EC2::VPCGatewayAttachment",
    },
    "instanceSg67C4465B": Object {
      "Properties": Object {
        "GroupDescription": "LoadBalancer/instanceSg",
        "SecurityGroupEgress": Array [
          Object {
            "CidrIp": "0.0.0.0/0",
            "Description": "from 0.0.0.0/0:443",
            "FromPort": 443,
            "IpProtocol": "tcp",
            "ToPort": 443,
          },
        ],
        "VpcId": Object {
          "Ref": "VPCB9E5F0B4",
        },
      },
      "Type": "AWS::EC2::SecurityGroup",
    },
    "instanceSgfromLoadBalancerLBSecurityGroupBDBA18168091393502": Object {
      "Properties": Object {
        "Description": "Load balancer to target",
        "FromPort": 80,
        "GroupId": Object {
          "Fn::GetAtt": Array [
            "instanceSg67C4465B",
            "GroupId",
          ],
        },
        "IpProtocol": "tcp",
        "SourceSecurityGroupId": Object {
          "Fn::GetAtt": Array [
            "LBSecurityGroup8A41EA2B",
            "GroupId",
          ],
        },
        "ToPort": 80,
      },
      "Type": "AWS::EC2::SecurityGroupIngress",
    },
  },
}
`;
